                                                                                                                                                                                                                                                
                                                                                                                                                                                                                                                
                                                                                                                                                                                                                                                
                                                                                                                                                                                                                                                
                                                                                                                                                                                                                                                
                                                                                                                                                                                                                                                
                                                                                                                                                                                                                                                
                                                                                                                                                                                                                                                
                                                                                                                                                                                                                                                
                                                                                                                                                                                                                                                
                                                                                                                                                                                                                                                
                                                                                                                                                                                                                                                
                                                                                                                                                                                                                                                
                                                                                                                                                                                                                                                
                                                                                                                                                                                                                                                
                                                                                                                                                                                                                                                
                                                                                                                                                                                                                                                
                                                                                                                                                                                                                                                
                                                                                                                                                                                                                                                
                                                                                                                                                                                                                                                
                                                                                                                                                                                                                                                
                                                                                                                                                                                                                                                
                                                                                                                                                                                                                                                
                                                                                                                                                                                                                                                
                                                                                                                                                                                                                                                
                                                                                                                                                                                                                                                
                                                                                                                                                                                                                                                
                                                                                                                                                                                                                                                
                                                                                                                                                                                                                                                
                                                                                                                                                                                                                                                
                                                                                                                                                                                                                                                
                                                                                                                                                                                                                                                
                                                                                                                                                                                                                                                
                                                                                                                                                                                                                                                
                                                                                                                                                                                                                                                
                                                                                                                                                                                                                                                
                                                                                                                                                                                                                                                
                                                                                                                                                                                                                                                
                                                                                                                                                                                                                                                
                                                                                                                                                                                                                                                
                                                                                                                                                                                                                                                
                                                                                                                                                                                                                                                
                                                                                                                                                                                                                                                
                                                                                                                                                                                                                                                
                                                                                                                                                                                                                                                
                                                                                                                                                                                                                                                
                                                                                                                                                                                                                                                
                                                                                                                                                                                                                                                
                                                                                                                                                                                                                                                
                                                                                                                                                                                                                                                
                                                                                                                                                                                                                                                
                                                                                                                                                                                                                                                
                                                                                                                                                                                                                                                
                                                                                                                                                                                                                                                
                                                                                                                                                                                                                                                
                                                                                                                                                                                                                                                
                                                                                                                                                                                                                                                
                                                                                                                                                                                                                                                
                                                                                                                                                                                                                                                
                                                                                                                                                                                                                                                
                                                                                                                                                                                                                                                
                                                                                                                                                                                                                                                
                                                                                                                                                                                                                                                
                                                                                                                                                                                                                                                
                                                                                                                                                                                                                                                
                                                                                                                                                                                                                                                
                                                                                                                                                                                                                                                
                                                                                                                                                                                                                                                
                                                                                                                                                                                                                                                
                                                                                                                                                                                                                                                
                                                                                                                                                                                                                                                
                                                                                                                                                                                                                                                
                                                                                                                                                                                                                                                
                                                                                                                                                                                                                                                
                                                                                                                                                                                                                                                
                                                                                                                                                                                                                                                
                                                                                                                                                                                                                                                
                                                                                                                                                                                                                                                
                                                                                                                                                                                                                                                
                                                                                                                                                                                                                                                
                                                                                                                                                                                                                                                
                                                                                                                                                                                                                                                
                                                                                                                                                                                                                                                
                                                                                                                                                                                                                                                
                                                                                                                                                                                                                                                
                                                                                                                                                                                                                                                
                                                                                                                                                                                                                                                
                                                                                                                                                                                                                                                
                                                                                                                                                                                                                                                
                                                                                                                                                                                                                                                
                                                                                                                                                                                                                                                
                                                                                                                                                                                                                                                
                                                                                                                                                                                                                                                
                                                                                                                                                                                                                                                
                                                                                                                                                                                                                                                
                                                                                                                                                                                                                                                
                                                                                                                                                                                                                                                
                                                                                                                                                                                                                                                
                                                                                                  BBBBBBBBBBBBBBBBBBBBBBBBBBBBBBBBBBBBBBBBBB                                                                                                    
                                                                                                  BBBBBBBBBBBBBBBBBBBBBBBBBBBBBBBBBBBBBBBBBB                                                                                                    
                                                                                                  BBBBBBBBBBBBBBBBBBBBBBBBBBBBBBBBBBBBBBBBBB                                                                                                    
                                                                                                  BBB......................BBBB.........BBBB                                                                                                    
                                                                                                  BBB......................BBBB.........BBBB                                                                                                    
                                                                                                  BBB......................BBBB.........BBBB                                                                                                    
                                                                                                  BBB......................BBBB.........BBBB                                                                                                    
                                                                                                  BBB......................BBBB.........BBBB                                                                                                    
                                                                                                  BBB......................BBBB.........BBBB                                                                                                    
                                                                                                  BBB......................BBBB.........BBBB                                                                                                    
                                                                                                  BBB......................BBBB.........BBBB                                                                                                    
                                                                                                  BBB......................BBBB.........BBBB                                                                                                    
                                                                                                  BBB......................BBBB.........BBBB                                                                                                    
                                                                                                  BBB......................BBBB.........BBBB                                                                                                    
                                                                                                  BBB......................BBBB.........BBBB                                                                                                    
                                                                                                  BBB.BBBBBBBBBBBBBBBBBB.BBBBBB.BBBBBBBBBBBB                                                                                                    
                                                                                               BBBBBB.BBBBBBBBBBBBBBBBBB.BBBBBB.BBBBBBBBBBBB                                                                                                    
                                                                                               BBBBBB.BBBBBBBBBBBBBBBBBB.BBBBBB.BBBBBBBBBBBB                                                                                                    
                                                                                               BBBBBB.BBBBBBBBBBBBBBBBBB.BBBBBB.BBBBBBBBBBBB                                                                                                    
                                                                                               BBB...............BBBBBBB.BBBBBB.BBBBBBBBBBBBBBBBBB                                                                                              
                                                                                               BBB...............BBBBBBB.BBBBBB.BBBBBBBBBBBBBBBBBB                                                                                              
                                                                                               BBB...............BBBBBBB.BBBBBB.BBBBBBBBBBBBBBBBBB                                                                                              
                                                                                               BBB...............BBBBBBB......................BBBB                                                                                              
                                                                                               BBB...............BBBBBBB......................BBBB                                                                                              
                                                                                               BBB...............BBBBBBB......................BBBB                                                                                              
                                                                                               BBB...............BBBBBBB......................BBBB                                                                                              
                                                                                               BBB...............BBBBBBB......................BBBB                                                                                              
                                                                                               BBB...............BBBBBBB......................BBBB                                                                                              
                                                                                               BBB...............BBBBBBB......................BBBB                                                                                              
                                                                                               BBB...............BBBBBBB......................BBBB                                                                                              
                                                                                               BBB...............BBBBBBB......................BBBB                                                                                              
                                                                                               BBB...............BBBBBBB......................BBBB                                                                                              
                                                                                               BBB...............BBBBBBB......................BBBB                                                                                              
                                                                                               BBB...............BBBBBBB......................BBBB                                                                                              
                                                                                               BBB...............BBBBBBB......................BBBB                                                                                              
                                                                                               BBB...............BBBBBBB......................BBBB                                                                                              
                                                                                               BBB...............BBBBBBB......................BBBB                                                                                              
                                                                                               BBB...............BBBBBBB......................BBBB                                                                                              
                                                                                               BBB...............BBBBBBB......................BBBB                                                                                              
                                                                                               BBB...............BBBBBBB......................BBBB                                                                                              
                                                                                               BBB...............BBBBBBB......................BBBB                                                                                              
                                                                                               BBB...............BBBBBBB......................BBBB                                                                                              
                                                                                               BBB.BBBBBBBBBBBBBBBBBBBBB......................BBBB                                                                                              
                                                                                             BBBBB.BBBBBBBBBBBBBBBBBBBBB......................BBBB                                                                                              
                                                                                             BBBBB.BBBBBBBBBBBBBBBBBBBBBBBBBBBBBBBBBBBBBBBBBBBBBBB                                                                                              
                                                                                             BBBBB.BBBBBBBBBBBBBBBBBBBBBBBBBBBBBBBBBBBBBBBBBBBBBBB                                                                                              
                                                                                             BBB.........BBBB        BBBBBBBBBBBBBBBBBBBBBBBBBBBBB                                                                                              
                                                                                             BBB.........BBBB        BBBBBBBBBBBBBBBBBBBBBBBBBBBBB                                                                                              
                                                                                             BBB.........BBBB                                                                                                                                   
                                                                                             BBB.........BBBB                                                                                                                                   
                                                                                             BBB.........BBBB                                                                                                                                   
                                                                                             BBB.........BBBB                                                                                                                                   
                                                                                             BBB.........BBBB                                                                                                                                   
                                                                                             BBB.........BBBB                                                                                                                                   
                                                                                             BBB.........BBBB                                                                                                                                   
                                                                                             BBB.........BBBB                                                                                                                                   
                                                                                             BBB.........BBBB                                                                                                                                   
                                                                                             BBB.........BBBB                                                                                                                                   
                                                                                             BBB.........BBBB                                                                                                                                   
                                                                                             BBB.........BBBB                                                                                                                                   
                                                                                             BBB.........BBBB                                                                                                                                   
                                                                                             BBB.........BBBB                                                                                                                                   
                                                                                             BBB.........BBBB                                                                                                                                   
                                                                                             BBB.........BBBB                                                                                                                                   
                                                                                             BBB.........BBBB                                                                                                                                   
                                                                                             BBB.........BBBB                                                                                                                                   
                                                                                             BBB.........BBBB                                                                                                                                   
                                                                                             BBB.........BBBB                                                                                                                                   
                                                                                             BBB.........BBBB                                                                                                                                   
                                                                                             BBBBBBBBBBBBBBBB                                                                                                                                   
                                                                                             BBBBBBBBBBBBBBBB                                                                                                                                   
                                                                                             BBBBBBBBBBBBBBBB                                                                                                                                   
                                                                                             BBBBBBBBBBBBBBBB                                                                                                                                   
                                                                                                                                                                                                                                                
                                                                                                                                                                                                                                                
                                                                                                                                                                                                                                                
                                                                                                                                                                                                                                                
                                                                                                                                                                                                                                                
                                                                                                                                                                                                                                                
                                                                                                                                                                                                                                                
                                                                                                                                                                                                                                                
                                                                                                                                                                                                                                                
                                                                                                                                                                                                                                                
                                                                                                                                                                                                                                                
                                                                                                                                                                                                                                                
                                                                                                                                                                                                                                                
                                                                                                                                                                                                                                                
                                                                                                                                                                                                                                                
                                                                                                                                                                                                                                                
                                                                                                                                                                                                                                                
                                                                                                                                                                                                                                                
                                                                                                                                                                                                                                                
                                                                                                                                                                                                                                                
                                                                                                                                                                                                                                                
                                                                                                                                                                                                                                                
                                                                                                                                                                                                                                                
                                                                                                                                                                                                                                                
                                                                                                                                                                                                                                                
                                                                                                                                                                                                                                                
                                                                                                                                                                                                                                                
                                                                                                                                                                                                                                                
                                                                                                                                                                                                                                                
                                                                                                                                                                                                                                                
                                                                                                                                                                                                                                                
                                                                                                                                                                                                                                                
                                                                                                                                                                                                                                                
                                                                                                                                                                                                                                                
                                                                                                                                                                                                                                                
                                                                                                                                                                                                                                                
                                                                                                                                                                                                                                                
                                                                                                                                                                                                                                                
                                                                                                                                                                                                                                                
                                                                                                                                                                                                                                                
                                                                                                                                                                                                                                                
                                                                                                                                                                                                                                                
                                                                                                                                                                                                                                                
                                                                                                                                                                                                                                                
                                                                                                                                                                                                                                                
                                                                                                                                                                                                                                                
                                                                                                                                                                                                                                                
                                                                                                                                                                                                                                                
                                                                                                                                                                                                                                                
                                                                                                                                                                                                                                                
                                                                                                                                                                                                                                                
                                                                                                                                                                                                                                                
                                                                                                                                                                                                                                                
                                                                                                                                                                                                                                                
                                                                                                                                                                                                                                                
                                                                                                                                                                                                                                                
                                                                                                                                                                                                                                                
                                                                                                                                                                                                                                                
                                                                                                                                                                                                                                                
                                                                                                                                                                                                                                                
                                                                                                                                                                                                                                                
                                                                                                                                                                                                                                                
                                                                                                                                                                                                                                                
                                                                                                                                                                                                                                                
                                                                                                                                                                                                                                                
                                                                                                                                                                                                                                                
                                                                                                                                                                                                                                                
                                                                                                                                                                                                                                                
                                                                                                                                                                                                                                                
