                                                                                                                                                                                                                                                
                                                                                                                                                                                                                                                
                                                                                                                                                                                                                                                
                                                                                                                                                                                                                                                
                                                                                                                                                                                                                                                
                                                                                                                                                                                                                                                
                                                                                                                                                                                                                                                
                                                                                                                                                                                                                                                
                                                                                                                                                                                                                                                
                                                                                                                                                                                                                                                
                                                                                                                                                                                                                                                
                                                                                                                                                                                                                                                
                                                                                                                                                                                                                                                
                                                                                                                                                                                                                                                
                                                                                                                                                                                                                                                
                                                                                                                                                                                                                                                
                                                                                                                                                                                                                                                
                                                                                                                                                                                                                                                
                                                                                                                                                                                                                                                
                                                                                                                                                                                                                                                
                                                                                                                                                                                                                                                
                                                                                                                                                                                                                                                
                                                                                                                                                                                                                                                
                                                                                                                                                                                                                                                
                                                                                                                                                                                                                                                
                                                                                                                                                                                                                                                
                                                                                                                                                                                                                                                
                                                                                                                                                                                                                                                
                                                                                                                                                                                                                                                
                                                                                                                                                                                                                                                
                                                                                                                                                                                                                                                
                                                                                                                                                                                                                                                
                                                                                                                                                                                                                                                
                                                                                                                                                                                                                                                
                                                                                                                                                                                                                                                
                                                                                                                                                                                                                                                
                                                                                                                                                                                                                                                
                                                                                                                                                                                                                                                
                                                                                                                                                                                                                                                
                                                                                                                                                                                                                                                
                                                                                                                                                                                                                                                
                                                                                                                                                                                                                                                
                                                                                                                                                                                                                                                
                                                                                                                                                                                                                                                
                                                                                                                                                                                                                                                
                                                                                                                                                                                                                                                
                                                                                                                                                                                                                                                
                                                                                                                                                                                                                                                
                                                                                                                                                                                                                                                
                                                                                                                                                                                                                                                
                                                                                                                                                                                                                                                
                                                                                                                                                                                                                                                
                                                                                                                                                                                                                                                
                                                                                                                                                                                                                                                
                                                                                                                                                                                                                                                
                                                                                                                                                                                                                                                
                                                                                                                                                                                                                                                
                                                                                                                                                                                                                                                
                                                                                                                                                                                                                                                
                                                                                                                                                                                                                                                
                                                                                                                                                                                                                                                
                                                                                                                                                                                                                                                
                                                                                                                                                                                                                                                
                                                                                                                                                                                                                                                
                                                                                                                                                                                                                                                
                                                                                                                                                                                                                                                
                                                                                                                                                                                                                                                
                                                                                                                                                                                                                                                
                                                                                                                                                                                                                                                
                                                                                                                                                                                                                                                
                                                                                                                                                                                                                                                
                                                                                                                                                                                                                                                
                                                                                                                                                                                                                                                
                                                                                                                                                                                                                                                
                                                                                                                                                                                                                                                
                                                                                                                                                                                                                                                
                                                                                                                                                                                                                                                
                                                                                                                                                                                                                                                
                                                                                                                                                                                                                                                
                                                                                                                                                                                                                                                
                                                                                                                                                                                                                                                
                                                                                                                                                                                                                                                
                                                                                                                                                                                                                                                
                                                                                                                                                                                                                                                
                                                                                                                                                                                                                                                
                                                                                                                                                                                                                                                
                                                                                                                                                                                                                                                
                                                                                                                                                                                                                                                
                                                                                                                                                                                                                                                
                                                                                                                                                                                                                                                
                                                                                                                                                                                                                                                
                                                                                                                                               BBBBBBBBBBBBBBBBBBBBBBBBBBBB                                                                     
                                                                                                                                               BBBBBBBBBBBBBBBBBBBBBBBBBBBB                                                                     
                                                                                                                                               BB(=====================)BBB                                                                     
                                                                                                                                               BB|{-------------------}|BBB                                                                     
                                                                                               BBBBBBBBBBBBBBBBBBBBBB                          BB|;...................:|BBB                                                                     
                                                                                               BBBBBBBBBBBBBBBBBBBBBB                          BB|;...................:|BBB                                                                     
                                                                                               BB(==================B                          B=r....................:|BBB                                                                     
                                                                                               BB|{-------------..hh............................h.....................:|BBB                                                                     
                                                                                               BB|;..............(==================B          B=)....................:|BBB                                                                     
                                                                                               BB|;.............:|BBBBBBBBBBBBBBBBBBB          BB|;...................:|BBB                                                                     
                                                                                               BB|;.............:|BB(============)BBB          BB|;...................:|BBB                                                                     
                                                                                               BB|;.............:|BB|{----------}|BBB          BB|;...................:|BBB                                                                     
                                                                                               BB|;.............:|BB|;..........:|BBB          BB|;...................:|BBB                                                                     
                                                                                               BB|;.............:|BB|;..........:|BBB          BB|;...................:|BBB                                                                     
                                                                                               BB|;.............:|BB|;..........:|BBB          BB|;...................:|BBB                                                                     
                                                                                               BB|;.............:|BB|;..........:|BBB          BB|;...................:|BBB                                                                     
                                                                                               BB|;.............:|BB|;..........:|BBB          BB|;...................:|BBB                                                                     
                                                                                               BB|;.............:|BB|;..........:|BBB          BB|;...................:|BBB                                                                     
                                                                                               BB|;.............:|BB|;..........:|BBB          BB|;...................:|BBB                                                                     
                                                                                               BB|;.............:|BB|;..........:|BBB          BB|;...................:|BBB                                                                     
                                                                                               BB|;.............:|BB|;..........:|BBB          BB|;...................:|BBB                                                                     
                                                                                               BB|;.............:|BB|.._________]|BBB          BB|;...................:|BBB                                                                     
                                                                                               BB|;.............:|BB|.(==========rBBB          BB|;...................:|BBB                                                                     
                                                                                               BB|;.............:|BB|v|BBBBBBBBBBBBBB          BB|;...................:|BBB                                                                     
                                                                                               BB|;.............:|BB|v|BBBBBBBBBBBBBB          BB|..__________________]|BBB                                                                     
                                                                                               BB|[_____________]|BB|v|BBBBBBBBBBBBBB          BB|.(===================rBBB                                                                     
                                                                                               BBl===============rBB|v|BBBBBBBBBBBBBBBBBBBBBBBBBB|v|BBBBBBBBBBBBBBBBBBBBBBBBBBBBB                                                               
                                                                                               BBBBBBBBBBBBBBBBBBBBB|v|BBBBBBBBBBBBBBBBBBBBBBBBBB|v|BBBBBBBBBBBBBBBBBBBBBBBBBBBBB                                                               
                                                                                               BBBBBBBBBBBBBBBBBBBBB|v|(======================)BB|.BBBB(=====================)BBB                                                               
                                                                                               BBBBBBBBBBBBBBBBBBBBBB.||{--------------------}|BB|.  BB|{-------------------}|BBB                                                               
                                                                                                                     .||;....................:|BB|.  BB|;...................:|BBB                                                               
                                                                                                                     .||;....................:|BB|.  BB|;...................:|BBB                                                               
                                                                                                                     .||;....................:|BB|.  BB|;...................:|BBB                                                               
                                                                                                                     .||;....................:|BB|.  BB|;...................:|BBB                                                               
                                                                                                                     .||;....................:|BB|.  BB|;...................:|BBB                                                               
                                                                                                                     .||;....................:|BB|.  BB|;...................:|BBB                                                               
                                                                                                                     .||;....................:|BB|.  BB|;...................:|BBB                                                               
                                                                                                                     .||;....................:|BB|.  BB|;...................:|BBB                                                               
                                                                                                                     .||;....................:|BB|.  BB|;...................:|BBB                                                               
                                                                                                                     .||..___________________]|BB|.  BB|[_______________..._]|BBB                                                               
                                                                                                                     .||.(====================rBB|.  BBl================).(==rBBB                                                               
                                                                                                      BBBBBBBBBBBBBBB.||v|BBBBBBBBBBBBBBBBBBBBBBB|.BBBBBBBBBBBBBBBBBBBBB|v|BBBBBBB                                                              
                                                                                                      BBBBBBBBBBBBBB|v||v|BBBBBBBBBBBBBBBBBBBBBBB|v|BBBBBBBBBBBBBBBBBBBB|v|BBBBBBB                                                              
                                                                                                      BB(===========r.lr.|BB(====================r.B)BB(================r.l===)BBB                                                              
                                                                                                      BB|{----------.....|BB|{-------------------..}|BB|{---------------...--}|BBB                                                              
                                                                                                      BB|;..............:|BB|;.....................:|BB|;....................:|BBB                                                              
                                                                                                      BB|;..............:|BB|;.....................:|BB|;....................:|BBB                                                              
                                                                                                      BB|;..............:|BB|;.....................:|BB|;....................:|BBB                                                              
                                                                                                      BB|;..............:|BB|;.....................:|BB|;....................:|BBB                                                              
                                                                                                      BB|;..............:|BB|;.....................:|BB|;....................:|BBB                                                              
                                                                                                      BB|;..............:|BB|;.....................:|BB|;....................:|BBB                                                              
                                                                                                      BB|;..............:|BB|;.....................:|BB|;....................:|BBB                                                              
                                                                                                      BB|;..............:|BB|;.....................:|BB|[___...______________]|BBB                                                              
                                                                                                      BB|;..............:|BB|;.....................:|BBl====).(===============rBBB                                                              
                                                                                                      BB|;..............:|BB|;.....................:|BBBBBBB|v|BBBBBBBBBBBBBBBBBBB                                                              
                                                                                                      BB|;..............:|BB|;.....................:|BBBBBBB|v|BBBBBBBBBBBBBBBBBBB                                                              
                                                                                                      BB|;..............:|BB|;.....................:|BB(====r.l==========)BBBBBBBB                                                              
                                                                                                      BB|;..............:|BB|;.....................:|BB|{---...---------}|BBB                                                                   
                                                                                                      BB|;..............:|BB|;.....................:|BB|;...............:|BBB                                                                   
                                                                                                      BB|;...............l==r.......................l==r................:|BBB                                                                   
                                                                                                      BB|[______________..hh.........................hh.................:|BBB                                                                   
                                                                                                      BBl===================B._____________________.B==)................:|BBB                                                                   
                                                                                                      BBBBBBBBBBBBBBBBBBBBBBl=======================rBB|;...............:|BBB                                                                   
                                                                                                      BBBBBBBBBBBBBBBBBBBBBBBBBBBBBBBBBBBBBBBBBBBBBBBBB|;...............:|BBB                                                                   
                                                                                                      BBBBBBBBBBBBBBBBBBBBBBBBBBBBBBBBBBBBBBBBBBBBBBBBB|;...............:|BBB                                                                   
                                                                                                                          BBBBBBBBBBBBBBBBBBBBBBBBBBBBB|;...............:|BBB                                                                   
                                                                                                                                                     BB|;...............:|BBB                                                                   
                                                                                                                                                     BB|;...............:|BBB                                                                   
                                                                                                                                                     BB|;...............:|BBB                                                                   
                                                                                                                                                     BB|;...............:|BBB                                                                   
                                                                                                                                                     BB|;...............:|BBB                                                                   
                                                                                                                                                     BB|;...............:|BBB                                                                   
                                                                                                                                                     BB|;...............:|BBB                                                                   
                                                                                                                                                     BB|;...............:|BBB                                                                   
                                                                                                                                                     BB|;...............:|BBB                                                                   
                                                                                                                                                     BB|;...............:|BBB                                                                   
                                                                                                                                                     BB|;...............:|BBB                                                                   
                                                                                                                                                     BB|;...............:|BBB                                                                   
                                                                                                                                                     BB|;...............:|BBB                                                                   
                                                                                                                                                     BB|;...............:|BBB                                                                   
                                                                                                                                                     BB|[_______________]|BBB                                                                   
                                                                                                                                                     BBl=================rBBB                                                                   
                                                                                                                                                     BBBBBBBBBBBBBBBBBBBBBBBB                                                                   
                                                                                                                                                     BBBBBBBBBBBBBBBBBBBBBBBB                                                                   
                                                                                                                                                     BBBBBBBBBBBBBBBBBBBBBBBB                                                                   
                                                                                                                                                                                                                                                
                                                                                                                                                                                                                                                
                                                                                                                                                                                                                                                
                                                                                                                                                                                                                                                
                                                                                                                                                                                                                                                
                                                                                                                                                                                                                                                
                                                                                                                                                                                                                                                
                                                                                                                                                                                                                                                
                                                                                                                                                                                                                                                
                                                                                                                                                                                                                                                
                                                                                                                                                                                                                                                
                                                                                                                                                                                                                                                
                                                                                                                                                                                                                                                
                                                                                                                                                                                                                                                
                                                                                                                                                                                                                                                
                                                                                                                                                                                                                                                
                                                                                                                                                                                                                                                
                                                                                                                                                                                                                                                
                                                                                                                                                                                                                                                
                                                                                                                                                                                                                                                
                                                                                                                                                                                                                                                
                                                                                                                                                                                                                                                
                                                                                                                                                                                                                                                
                                                                                                                                                                                                                                                
                                                                                                                                                                                                                                                
                                                                                                                                                                                                                                                
                                                                                                                                                                                                                                                
                                                                                                                                                                                                                                                
                                                                                                                                                                                                                                                
                                                                                                                                                                                                                                                
                                                                                                                                                                                                                                                
                                                                                                                                                                                                                                                
                                                                                                                                                                                                                                                
                                                                                                                                                                                                                                                
                                                                                                                                                                                                                                                
                                                                                                                                                                                                                                                
                                                                                                                                                                                                                                                
                                                                                                                                                                                                                                                
                                                                                                                                                                                                                                                
                                                                                                                                                                                                                                                
                                                                                                                                                                                                                                                
                                                                                                                                                                                                                                                
                                                                                                                                                                                                                                                
                                                                                                                                                                                                                                                
                                                                                                                                                                                                                                                
                                                                                                                                                                                                                                                
                                                                                                                                                                                                                                                
                                                                                                                                                                                                                                                
                                                                                                                                                                                                                                                
                                                                                                                                                                                                                                                
                                                                                                                                                                                                                                                
                                                                                                                                                                                                                                                
                                                                                                                                                                                                                                                
                                                                                                                                                                                                                                                
                                                                                                                                                                                                                                                
                                                                                                                                                                                                                                                
                                                                                                                                                                                                                                                
                                                                                                                                                                                                                                                
                                                                                                                                                                                                                                                
                                                                                                                                                                                                                                                
                                                                                                                                                                                                                                                
                                                                                                                                                                                                                                                
                                                                                                                                                                                                                                                
                                                                                                                                                                                                                                                
