                                                                                                                                                                                                                                                
                                                                                                                                                                                                                                                
                                                                                                                                                                                                                                                
                                                                                                                                                                                                                                                
                                                                                                                                                                                                                                                
                                                                                                                                                                                                                                                
                                                                                                                                                                                                                                                
                                                                                                                                                                                                                                                
                                                                                                                                                                                                                                                
                                                                                                                                                                                                                                                
                                                                                                                                                                                                                                                
                                                                                                                                                                                                                                                
                                                                                                                                                                                                                                                
                                                                                                                                                                                                                                                
                                                                                                                                                                                                                                                
                                                                                                                                                                                                                                                
                                                                                                                                                                                                                                                
                                                                                                                                                                                                                                                
                                                                                                                                                                                                                                                
                                                                                                                                                                                                                                                
                                                                                                                                                                                                                                                
                                                                                                                                                                                                                                                
                                                                                                                                                                                                                                                
                                                                                                                                                                                                                                                
                                                                                                                                                                                                                                                
                                                                                                                                                                                                                                                
                                                                                                                                                                                                                                                
                                                                                                                                                                                                                                                
                                                                                                                                                                                                                                                
                                                                                                                                                                                                                                                
                                                                                                                                                                                                                                                
                                                                                                                                                                                                                                                
                                                                                                                                                                                                                                                
                                                                                                                                                                                                                                                
                                                                                                                                                                                                                                                
                                                                                                                                                                                                                                                
                                                                                                                                                                                                                                                
                                                                                                                                                                                                                                                
                                                                                                                                                                                                                                                
                                                                                                                                                                                                                                                
                                                                                                                                                                                                                                                
                                                                                                                                                                                                                                                
                                                                                                                                                                                                                                                
                                                                                                                                                                                                                                                
                                                                                                                                                                                                                                                
                                                                                                                                                                                                                                                
                                                                                                                                                                                                                                                
                                                                                                                                                                                                                                                
                                                                                                                                                                                                                                                
                                                                                                                                                                                                                                                
                                                                                                                                                                                                                                                
                                                                                                                                                                                                                                                
                                                                                                                                                                                                                                                
                                                                                                                                                                                                                                                
                                                                                                                                                                                                                                                
                                                                                                                                                                                                                                                
                                                                                                                                                                                                                                                
                                                                                                                                                                                                                                                
                                                                                                                                                                                                                                                
                                                                                                                                                                                                                                                
                                                                                                                                                                                                                                                
                                                                                                                                                                                                                                                
                                                                                                                                                                                                                                                
                                                                                                                                                                                                                                                
                                                                                                                                                                                                                                                
                                                                                                                                                                                                                                                
                                                                                                                                                                                                                                                
                                                                                                                                                                                                                                                
                                                                                                                                                                                                                                                
                                                                                                                                                                                                                                                
                                                                                                                                                                                                                                                
                                                                                                                                                                                                                                                
                                                                                                                                                                                                                                                
                                                                                                                                                                                                                                                
                                                                                                                                                                                                                                                
                                                                                                                                                                                                                                                
                                                                                                                                                                                                                                                
                                                                                                                                                                                                                                                
                                                                                                                                                                                                                                                
                                                                                                                                                                                                                                                
                                                                                                                                                                                                                                                
                                                                                                                                                                                                                                                
                                                                                                                                                                                                                                                
                                                                                                                                                                                                                                                
                                                                                                                                                                                                                                                
                                                                                                                                                                                                                                                
                                                                                                                                                                                                                                                
                                                                                                                                                                                                                                                
                                                                                                                                                                                                                                                
                                                                                                                                                                                                                                                
                                                                                                                                                                                                                                                
                                                                                                                                                                                                                                                
                                                                                                                                                                                                                                                
                                                                                                                                                                                                                                                
                                                                                                                                                                                                                                                
                                                                                                                                                                                                                                                
                                                                                                                                                                                                                                                
                                                                                                                                                                                                                                                
                                                                                                                                                                                                                                                
                                                                                                                                                                                                                                                
                                                                                                                                                                                                                                                
                                                                                                                                     BBBBBBBBBBBBBBBBBBBBBBBBBBBBB                                                                              
                                                                                                                                     BBBBBBBBBBBBBBBBBBBBBBBBBBBBB                                                                              
                                                                                                                                     BB(======================)BBB                                                                              
                                                                                                                                     BB|{--------------------}|BBB                                                                              
                                                                                                                                     BB|;....................:|BBB                                                                              
                                                                                                                                     BB|;....................:|BBB                                                                              
                                                                                                                                     BB|;....................:|BBB                                                                              
                                                                                                                                     BB|;....................:|BBB                                                                              
                                                                                                                                     BB|;....................:|BBB                                                                              
                                                                                                                                     BB|;....................:|BBB                                                                              
                                                                                                                                     BB|;....................:|BBB                                                                              
                                                                                                                                     BB|;....................:|BBB                                                                              
                                                                                                                                     BB|;....................:|BBB                                                                              
                                                                                                                                     BB|;....................:|BBB                                                                              
                                                                                                                                     BB|;....................:|BBB                                                                              
                                                                                                                                     BB|;..__________________]|BBB                                                                              
                                                                                                                     BBBBBBBBBBBBBBBBBB|;.(===================rBBB                                                                              
                                                                                                                     BBBBBBBBBBBBBBBBBB|;:|BBBBBBBBBBBBBBBBBBBBBBB                                                                              
                                                                                                                     BB(===============r.:|BBBBBBBBBBBBBBBBBBBBBBB                                                                              
                                                                                                                     BB|{----------..hhh..l=================)BBBBB                                                                              
                                                                                                                     BB|;...........(==)..-----------------}|BBB                                                                                
                                                                                                                     BB|;..........:|BB|;..................:|BBB                                                                                
                                                                                                                     BB|;..........:|BB|;..................:|BBB                                                                                
                                                                                                                     BB|;..........:|BB|;..................:|BBB                                                                                
                                                                                                                     BB|;..........:|BB|;..................:|BBB                                                                                
                                                                                                                     BB|;..........:|BB|;..................:|BBB                                                                                
                                                                                                                     BB|;..........:|BB|;..................:|BBB                                                                                
                                                                                                                     BB|;..........:|BB|;..................:|BBB                                                                                
                                                                                                                     BB|;..........:|BB|;..................:|BBB                                                                                
                                                                                                                     BB|;..........:|BB|;..................:|BBB                                                                                
                                                                                                                     BB|;..........:|BB|;..................:|BBB                                                                                
                                                                                                                     BB|;..........:|BB|;..................:|BBB                                                                                
                                                                                                                     BB|;..........:|BB|[__________________]|BBB                                                                                
                                                                                                                     BB|;..........:|BBl====================rBBB                                                                                
                                                                                                                     BB|;..........:|BBBBBBBBBBBBBBBBBBBBBBBBBBB                                                                                
                                                                                                                     BB|;..........:|BBBBBBBBBBBBBBBBBBBBBBBBBBB                                                                                
                                                                                                                     BB|;..........:|BBBBBBBBBBBBBBBBBBBBBBBBBBB                                                                                
                                                                                                                     BB|;..........:|BBB                                                                                                        
                                                                                                                     BB|;..........:|BBB                                                                                                        
                                                                                                                     BB|;..........:|BBB                                                                                                        
                                                                                                                     BB|;..........:|BBB                                                                                                        
                                                                                                                     BB|;..........:|BBB                                                                                                        
                                                                                                                     BB|[__________]|BBB                                                                                                        
                                                                                                                     BBl============rBBB                                                                                                        
                                                                                                                     BBBBBBBBBBBBBBBBBBB                                                                                                        
                                                                                                                     BBBBBBBBBBBBBBBBBBB                                                                                                        
                                                                                                                     BBBBBBBBBBBBBBBBBBB                                                                                                        
                                                                                                                                                                                                                                                
                                                                                                                                                                                                                                                
                                                                                                                                                                                                                                                
                                                                                                                                                                                                                                                
                                                                                                                                                                                                                                                
                                                                                                                                                                                                                                                
                                                                                                                                                                                                                                                
                                                                                                                                                                                                                                                
                                                                                                                                                                                                                                                
                                                                                                                                                                                                                                                
                                                                                                                                                                                                                                                
                                                                                                                                                                                                                                                
                                                                                                                                                                                                                                                
                                                                                                                                                                                                                                                
                                                                                                                                                                                                                                                
                                                                                                                                                                                                                                                
                                                                                                                                                                                                                                                
                                                                                                                                                                                                                                                
                                                                                                                                                                                                                                                
                                                                                                                                                                                                                                                
                                                                                                                                                                                                                                                
                                                                                                                                                                                                                                                
                                                                                                                                                                                                                                                
                                                                                                                                                                                                                                                
                                                                                                                                                                                                                                                
                                                                                                                                                                                                                                                
                                                                                                                                                                                                                                                
                                                                                                                                                                                                                                                
                                                                                                                                                                                                                                                
                                                                                                                                                                                                                                                
                                                                                                                                                                                                                                                
                                                                                                                                                                                                                                                
                                                                                                                                                                                                                                                
                                                                                                                                                                                                                                                
                                                                                                                                                                                                                                                
                                                                                                                                                                                                                                                
                                                                                                                                                                                                                                                
                                                                                                                                                                                                                                                
                                                                                                                                                                                                                                                
                                                                                                                                                                                                                                                
                                                                                                                                                                                                                                                
                                                                                                                                                                                                                                                
                                                                                                                                                                                                                                                
                                                                                                                                                                                                                                                
                                                                                                                                                                                                                                                
                                                                                                                                                                                                                                                
                                                                                                                                                                                                                                                
                                                                                                                                                                                                                                                
                                                                                                                                                                                                                                                
                                                                                                                                                                                                                                                
                                                                                                                                                                                                                                                
                                                                                                                                                                                                                                                
                                                                                                                                                                                                                                                
                                                                                                                                                                                                                                                
                                                                                                                                                                                                                                                
                                                                                                                                                                                                                                                
                                                                                                                                                                                                                                                
                                                                                                                                                                                                                                                
                                                                                                                                                                                                                                                
                                                                                                                                                                                                                                                
                                                                                                                                                                                                                                                
                                                                                                                                                                                                                                                
                                                                                                                                                                                                                                                
                                                                                                                                                                                                                                                
                                                                                                                                                                                                                                                
                                                                                                                                                                                                                                                
                                                                                                                                                                                                                                                
                                                                                                                                                                                                                                                
                                                                                                                                                                                                                                                
                                                                                                                                                                                                                                                
                                                                                                                                                                                                                                                
                                                                                                                                                                                                                                                
                                                                                                                                                                                                                                                
                                                                                                                                                                                                                                                
                                                                                                                                                                                                                                                
                                                                                                                                                                                                                                                
                                                                                                                                                                                                                                                
                                                                                                                                                                                                                                                
                                                                                                                                                                                                                                                
                                                                                                                                                                                                                                                
                                                                                                                                                                                                                                                
                                                                                                                                                                                                                                                
                                                                                                                                                                                                                                                
                                                                                                                                                                                                                                                
                                                                                                                                                                                                                                                
                                                                                                                                                                                                                                                
                                                                                                                                                                                                                                                
                                                                                                                                                                                                                                                
                                                                                                                                                                                                                                                
                                                                                                                                                                                                                                                
                                                                                                                                                                                                                                                
                                                                                                                                                                                                                                                
